{
    "Snapshot: REPORT always emits exactly one file named qc_report.html": {
        "content": [
            {
                "0": [
                    "qc_report.html:md5,d41d8cd98f00b204e9800998ecf8427e"
                ]
            }
        ],
        "meta": {
            "nf-test": "0.9.2",
            "nextflow": "24.10.5"
        },
        "timestamp": "2026-04-15T15:09:50.582371"
    },
    "Snapshot: REPORT emits qc_report.html": {
        "content": [
            {
                "0": [
                    "qc_report.html:md5,d41d8cd98f00b204e9800998ecf8427e"
                ]
            }
        ],
        "meta": {
            "nf-test": "0.9.2",
            "nextflow": "24.10.5"
        },
        "timestamp": "2026-07-01T13:39:56.099843438"
    }
}